
Starting CP-SAT solver v9.15.6755
Parameters: max_time_in_seconds: 90 log_search_progress: true num_workers: 2

Initial optimization model '': (model_fingerprint: 0x6b5773b5eeb3dd53)
#Variables: 1'560 (#bools: 604 #ints: 85 in objective) (424 primary variables)
  - 1'437 Booleans in [0,1]
  - 2 in [-83,347]
  - 2 in [-71,352]
  - 2 in [-51,189]
  - 2 in [-13,167]
  - 1 in [0,2]
  - 1 in [0,4]
  - 37 in [0,6]
  - 20 in [0,180]
  - 18 in [0,240]
  - 20 in [0,423]
  - 18 in [0,430]
#kExactlyOne: 68 (#literals: 605)
#kLinMax: 38 (#expressions: 76)
#kLinear1: 149
#kLinear2: 1'053
#kLinear3: 1'232
#kLinearN: 793 (#terms: 5'061)

Starting presolve at 0.00s
The solution hint is incomplete: 605 out of 1560 non fixed variables hinted.
  1.60e-03s  0.00e+00d  [DetectDominanceRelations] 
  2.31e-02s  0.00e+00d  [PresolveToFixPoint] #num_loops=4 #num_dual_strengthening=2 
  5.45e-05s  0.00e+00d  [ExtractEncodingFromLinear] #potential_supersets=307 #potential_subsets=3 
  3.44e-04s  0.00e+00d  [DetectDuplicateColumns] 
  3.82e-04s  0.00e+00d  [DetectDuplicateConstraints] #duplicates=37 
[Symmetry] Graph for symmetry has 7'420 nodes and 15'312 arcs.
[Symmetry] Symmetry computation done. time: 0.00199021 dtime: 0.0025901
[Symmetry] #generators: 135, average support size: 2
[Symmetry] 135 orbits on 270 variables with sizes: 2,2,2,2,2,2,2,2,2,2,...
[Symmetry] Found orbitope of size 1 x 2
[SAT presolve] num removable Booleans: 0 / 1'166
[SAT presolve] num trivial clauses: 0
[SAT presolve] [0s] clauses:1'650 literals:5'191 vars:1'165 one_side_vars:525 simple_definition:320 singleton_clauses:0
[SAT presolve] [0.000120427s] clauses:1'424 literals:4'064 vars:1'165 one_side_vars:733 simple_definition:112 singleton_clauses:0
[SAT presolve] [0.000198158s] clauses:1'424 literals:4'064 vars:1'165 one_side_vars:733 simple_definition:112 singleton_clauses:0
  3.55e-04s  0.00e+00d  [DetectDuplicateConstraintsWithDifferentEnforcements] 
  1.42e-02s  3.37e-03d  [Probe] #probed=2'710 #fixed_bools=20 #new_bounds=30 #equiv=54 #new_binary_clauses=261 
  2.38e-04s  1.02e-04d  [MaxClique] Merged 208 constraints with 416 literals into 186 constraints with 416 literals
  1.47e-03s  0.00e+00d  [DetectDominanceRelations] 
  2.09e-02s  0.00e+00d  [PresolveToFixPoint] #num_loops=3 #num_dual_strengthening=2 
  8.52e-04s  0.00e+00d  [ProcessAtMostOneAndLinear] 
  4.05e-04s  0.00e+00d  [DetectDuplicateConstraints] #duplicates=54 
  3.76e-04s  0.00e+00d  [DetectDuplicateConstraintsWithDifferentEnforcements] 
  9.15e-04s  3.79e-05d  [DetectDominatedLinearConstraints] #relevant_constraints=886 #num_inclusions=3'137 #num_redundant=132 
  7.34e-05s  0.00e+00d  [DetectDifferentVariables] 
  5.24e-04s  2.58e-05d  [ProcessSetPPC] #relevant_constraints=1'872 #num_inclusions=163 
  2.72e-04s  3.07e-05d  [TransformClausesToExactlyOne] #num_amos=50 #num_clauses=1'151 #num_checked=1'151 
  2.60e-05s  0.00e+00d  [DetectEncodedComplexDomains] 
  1.46e-05s  0.00e+00d  [FindAlmostIdenticalLinearConstraints] 
  5.65e-04s  5.20e-04d  [FindBigAtMostOneAndLinearOverlap] 
  4.19e-04s  2.79e-04d  [FindBigVerticalLinearOverlap] 
  4.79e-05s  1.46e-05d  [FindBigHorizontalLinearOverlap] #linears=317 
  2.69e-04s  1.73e-05d  [MergeClauses] #num_collisions=2 #num_merges=2 #num_saved_literals=4 
  1.38e-03s  0.00e+00d  [DetectDominanceRelations] 
  1.28e-02s  0.00e+00d  [PresolveToFixPoint] #num_loops=3 #num_dual_strengthening=2 
  1.33e-03s  0.00e+00d  [DetectDominanceRelations] 
  1.18e-02s  0.00e+00d  [PresolveToFixPoint] #num_loops=1 #num_dual_strengthening=1 
  1.50e-04s  0.00e+00d  [DetectDuplicateColumns] 
  3.85e-04s  0.00e+00d  [DetectDuplicateConstraints] 
[Symmetry] Graph for symmetry has 6'355 nodes and 12'236 arcs.
[Symmetry] Symmetry computation done. time: 0.00146979 dtime: 0.00207184
[Symmetry] #generators: 135, average support size: 2
[Symmetry] 135 orbits on 270 variables with sizes: 2,2,2,2,2,2,2,2,2,2,...
[Symmetry] Found orbitope of size 1 x 2
[SAT presolve] num removable Booleans: 0 / 1'072
[SAT presolve] num trivial clauses: 0
[SAT presolve] [0s] clauses:1'191 literals:3'557 vars:1'066 one_side_vars:651 simple_definition:109 singleton_clauses:0
[SAT presolve] [7.1472e-05s] clauses:1'183 literals:3'521 vars:1'066 one_side_vars:658 simple_definition:104 singleton_clauses:0
[SAT presolve] [0.00014873s] clauses:1'183 literals:3'521 vars:1'066 one_side_vars:658 simple_definition:104 singleton_clauses:0
  3.67e-04s  0.00e+00d  [DetectDuplicateConstraintsWithDifferentEnforcements] 
  1.16e-02s  2.80e-03d  [Probe] #probed=2'658 
  8.82e-05s  2.69e-05d  [MaxClique] 
  1.46e-03s  0.00e+00d  [DetectDominanceRelations] 
  1.22e-02s  0.00e+00d  [PresolveToFixPoint] #num_loops=1 #num_dual_strengthening=1 
  8.25e-04s  0.00e+00d  [ProcessAtMostOneAndLinear] 
  3.95e-04s  0.00e+00d  [DetectDuplicateConstraints] 
  3.26e-04s  0.00e+00d  [DetectDuplicateConstraintsWithDifferentEnforcements] 
  7.73e-04s  3.24e-05d  [DetectDominatedLinearConstraints] #relevant_constraints=751 #num_inclusions=2'474 #num_redundant=1 
  7.51e-05s  0.00e+00d  [DetectDifferentVariables] 
  5.15e-04s  2.55e-05d  [ProcessSetPPC] #relevant_constraints=1'756 #num_inclusions=142 
  2.91e-04s  3.07e-05d  [TransformClausesToExactlyOne] #num_amos=50 #num_clauses=1'155 #num_checked=1'155 
  3.05e-05s  0.00e+00d  [DetectEncodedComplexDomains] 
  1.71e-05s  0.00e+00d  [FindAlmostIdenticalLinearConstraints] 
  6.10e-04s  5.17e-04d  [FindBigAtMostOneAndLinearOverlap] 
  4.37e-04s  2.79e-04d  [FindBigVerticalLinearOverlap] 
  5.05e-05s  1.46e-05d  [FindBigHorizontalLinearOverlap] #linears=317 
  2.71e-04s  1.73e-05d  [MergeClauses] #num_collisions=2 #num_merges=2 #num_saved_literals=4 
  1.40e-03s  0.00e+00d  [DetectDominanceRelations] 
  1.20e-02s  0.00e+00d  [PresolveToFixPoint] #num_loops=1 #num_dual_strengthening=1 
  1.37e-03s  0.00e+00d  [DetectDominanceRelations] 
  1.19e-02s  0.00e+00d  [PresolveToFixPoint] #num_loops=1 #num_dual_strengthening=1 
  1.75e-04s  0.00e+00d  [DetectDuplicateColumns] 
  4.35e-04s  0.00e+00d  [DetectDuplicateConstraints] 
[Symmetry] Graph for symmetry has 6'345 nodes and 12'197 arcs.
[Symmetry] Symmetry computation done. time: 0.00157159 dtime: 0.00206831
[Symmetry] #generators: 135, average support size: 2
[Symmetry] 135 orbits on 270 variables with sizes: 2,2,2,2,2,2,2,2,2,2,...
[Symmetry] Found orbitope of size 1 x 2
[SAT presolve] num removable Booleans: 0 / 1'072
[SAT presolve] num trivial clauses: 0
[SAT presolve] [0s] clauses:1'183 literals:3'521 vars:1'066 one_side_vars:658 simple_definition:104 singleton_clauses:0
[SAT presolve] [7.3651e-05s] clauses:1'183 literals:3'521 vars:1'066 one_side_vars:658 simple_definition:104 singleton_clauses:0
[SAT presolve] [0.000140764s] clauses:1'183 literals:3'521 vars:1'066 one_side_vars:658 simple_definition:104 singleton_clauses:0
  3.74e-04s  0.00e+00d  [DetectDuplicateConstraintsWithDifferentEnforcements] 
  1.17e-02s  2.80e-03d  [Probe] #probed=2'658 
  8.46e-05s  2.69e-05d  [MaxClique] 
  1.44e-03s  0.00e+00d  [DetectDominanceRelations] 
  1.20e-02s  0.00e+00d  [PresolveToFixPoint] #num_loops=1 #num_dual_strengthening=1 
  7.89e-04s  0.00e+00d  [ProcessAtMostOneAndLinear] 
  3.57e-04s  0.00e+00d  [DetectDuplicateConstraints] 
  3.89e-04s  0.00e+00d  [DetectDuplicateConstraintsWithDifferentEnforcements] 
  7.92e-04s  3.24e-05d  [DetectDominatedLinearConstraints] #relevant_constraints=750 #num_inclusions=2'470 
  9.73e-05s  0.00e+00d  [DetectDifferentVariables] 
  4.83e-04s  2.55e-05d  [ProcessSetPPC] #relevant_constraints=1'756 #num_inclusions=142 
  2.38e-04s  3.07e-05d  [TransformClausesToExactlyOne] #num_amos=50 #num_clauses=1'155 #num_checked=1'155 
  3.58e-05s  0.00e+00d  [DetectEncodedComplexDomains] 
  2.35e-05s  0.00e+00d  [FindAlmostIdenticalLinearConstraints] 
  5.73e-04s  5.18e-04d  [FindBigAtMostOneAndLinearOverlap] 
  4.27e-04s  2.79e-04d  [FindBigVerticalLinearOverlap] 
  7.54e-05s  1.46e-05d  [FindBigHorizontalLinearOverlap] #linears=317 
  2.51e-04s  1.73e-05d  [MergeClauses] #num_collisions=2 #num_merges=2 #num_saved_literals=4 
  1.38e-03s  0.00e+00d  [DetectDominanceRelations] 
  1.19e-02s  0.00e+00d  [PresolveToFixPoint] #num_loops=1 #num_dual_strengthening=1 
  1.17e-05s  0.00e+00d  [MergeNoOverlap] 
  1.23e-05s  0.00e+00d  [MergeNoOverlap2D] 
  5.45e-04s  0.00e+00d  [ExpandObjective] #entries=4'326 #tight_variables=973 #tight_constraints=236 #expands=2 

Presolve summary:
  - 298 affine relations were detected.
  - rule 'TODO dual: only one blocking constraint?' was applied 2'747 times.
  - rule 'TODO dual: only one unspecified blocking constraint?' was applied 6'736 times.
  - rule 'TODO duplicate: duplicate columns in Boolean constraints' was applied 1'439 times.
  - rule 'TODO lin_max: linear expression above max' was applied 225 times.
  - rule 'TODO linear2: convert ax + by != cte to clauses for large domains' was applied 40 times.
  - rule 'affine: new relation' was applied 298 times.
  - rule 'at_most_one: removed literals' was applied 20 times.
  - rule 'at_most_one: size one' was applied 20 times.
  - rule 'at_most_one: transformed into max clique' was applied 1 time.
  - rule 'bool_and: x => x' was applied 4 times.
  - rule 'bool_or: always true' was applied 36 times.
  - rule 'bool_or: implications' was applied 268 times.
  - rule 'bool_or: removed enforcement literal' was applied 13 times.
  - rule 'dual: enforced equivalence' was applied 4 times.
  - rule 'dual: reduced domain' was applied 68 times.
  - rule 'duplicate: removed constraint' was applied 91 times.
  - rule 'exactly_one: removed literals' was applied 20 times.
  - rule 'exactly_one: x and not(x)' was applied 20 times.
  - rule 'lin_max: canonicalize target using gcd' was applied 15 times.
  - rule 'lin_max: converted to equality' was applied 3 times.
  - rule 'lin_max: divising by gcd' was applied 15 times.
  - rule 'lin_max: removed exprs' was applied 3 times.
  - rule 'lin_max: target domain reduced' was applied 39 times.
  - rule 'linear + amo: fixed literal implied by enforcement' was applied 1 time.
  - rule 'linear inclusion: redundant containing constraint' was applied 128 times.
  - rule 'linear inclusion: redundant included constraint' was applied 5 times.
  - rule 'linear2: convert ax + by != cte to clauses' was applied 240 times.
  - rule 'linear: always true' was applied 181 times.
  - rule 'linear: coefficient strenghtening' was applied 6 times.
  - rule 'linear: divide by GCD' was applied 509 times.
  - rule 'linear: extracted enforcement literal' was applied 4 times.
  - rule 'linear: fixed or dup variables' was applied 242 times.
  - rule 'linear: negative clause' was applied 955 times.
  - rule 'linear: positive clause' was applied 493 times.
  - rule 'linear: positive equal one' was applied 239 times.
  - rule 'linear: reduced variable domains' was applied 50 times.
  - rule 'linear: reduced variable domains in derived constraint' was applied 4 times.
  - rule 'linear: remapped using affine relations' was applied 1'259 times.
  - rule 'linear: simplified rhs' was applied 1 time.
  - rule 'linear: simplify using approximate gcd' was applied 55 times.
  - rule 'linear: small Boolean expression' was applied 3 times.
  - rule 'linear: trivially true' was applied 37 times.
  - rule 'objective: expanded via tight equality' was applied 2 times.
  - rule 'objective: shifted cost with exactly ones' was applied 9 times.
  - rule 'objective: variable not used elsewhere' was applied 88 times.
  - rule 'presolve: 108 unused variables removed.' was applied 1 time.
  - rule 'presolve: iteration' was applied 3 times.
  - rule 'probing: bool_or reduced to implication' was applied 65 times.
  - rule 'setppc: removed dominated constraints' was applied 142 times.
  - rule 'variables: canonicalize affine domain' was applied 41 times.

Presolved optimization model '': (model_fingerprint: 0xa260787d8e7ec886)
#Variables: 1'195 (#bools: 489 #ints: 85 in objective) (877 primary variables)
  - 1'072 Booleans in [0,1]
  - 1 in [-83,214]
  - 1 in [-71,132]
  - 1 in [-51,149]
  - 1 in [-13,49]
  - 1 in [-12,347]
  - 1 in [-6,352]
  - 1 in [0][2][5][7][10][12][15][17][20][22][25][ ... 2][87][92][97][102][107][112][117][122][127][132]
  - 1 in [0][2][5][7][10][12][15][17][20][22][25][ ... 102][107][112][117][122][127][132][137][142][147]
  - 1 in [0][2][5][7][10][12][15][17][20][22][27][ ... 107][112][117][122][127][132][137][142][147][152]
  - 1 in [0][2][5][7][10][12][15][17][22][27][32][ ... 112][117][122][127][132][137][142][147][152][157]
  - 1 in [0][2][5][7][12][17][22][27][32][37][42][ ... 122][127][132][137][142][147][152][157][162][167]
  - 1 in [0][2][5][10][15]
  - 1 in [0][2][7][12][17][22][27][32]
  - 1 in [0][3][5][8][10][13][15][18][20][23][25][ ... [95][100][105][110][115][120][125][130][135][140]
  - 1 in [0][3][5][8][10][13][15][18][20][23][25][ ... 50][55][60][65][70][75][80][85][90][95][100][105]
  - 2 in [0][3][5][8][10][13][15][18][20][23][25][ ... 105][110][115][120][125][130][135][140][145][150]
  - 1 in [0][3][5][8][10][13][15][20][25][30][35][ ... 115][120][125][130][135][140][145][150][155][160]
  - 1 in [0][3][5][8][13][18][23][28][33][38][43][ ... [73][78][83][88][93][98][103][108][113][118][123]
  - 2 in [0][3][5][10][15][20][25][30][35][40][45] ... 125][130][135][140][145][150][155][160][165][170]
  - 1 in [0][3][10][20][30]
  - 5 in [0][3][10][20][30][40][50][60]
  - 1 in [0][4,5][9][14][19][24][29][34][39][44][49][54][59][64][69][74][79][84][89][94]
  - 1 in [0][4,5][9,10][14,15][19][24][29][34][39][44][49][54][59][64][69][74][79][84]
  - 2 in [0][4,5][9,10][14,15][19,20][24][29][34][39][44][49][54][59][64][69][74][79]
  - 1 in [0][4,5][9,10][14,15][19,20][24,25][29][34][39][44][49][54][59][64][69][74]
  - 1 in [0][4,5][9,10][14,15][19,20][24,25][29,30 ... 54][59][64][69][74][79][84][89][94][99][104][109]
  - 1 in [0][4,5][9,10][14,15][19,20][25][30][35][ ... 110][115][120][125][130][135][140][145][150][155]
  - 1 in [0][4,5][9,10][15][20][25][30][35][40][45][50][55][60][65][70][75][80]
  - 1 in [0][4,5][10][15][20][25][30][35][40][45][50][55][60][65][70][75][80][85]
  - 1 in [0,1][5][10][15][20][25][30][35][40][45][ ... 115][120][125][130][135][140][145][150][155][160]
  - 1 in [0,1][5,6][10,11][15,16][20,21][25,26][30 ... ][65][70][75][80][85][90][95][100][105][110][115]
  - 1 in [0,1][5,6][11][16][21][26][31][36][41][46][51][56][61][66][71][76][81][86][91]
  - 1 in [0,1][10][20][30][40]
  - 1 in [0,2]
  - 1 in [0,3]
  - 2 in [0,4]
  - 37 in [0,6]
  - 1 in [0,15]
  - 1 in [0,30]
  - 1 in [0,210]
  - 1 in [1,25]
  - 1 in [1,27]
  - 1 in [1,42]
  - 1 in [1,43]
  - 1 in [1,44]
  - 5 in [1,90]
  - 1 in [1,93]
  - 1 in [1,100]
  - 2 in [1,106]
  - 1 in [1,107]
  - 1 in [1,108]
  - 2 in [1,114]
  - 1 in [1,119]
  - 1 in [1,122]
  - 1 in [1,128]
  - 1 in [1,143]
  - 1 in [1,145]
  - 1 in [1,149]
  - 1 in [1,166]
  - 1 in [1,188]
  - 1 in [1,206]
  - 2 in [1,216]
  - 1 in [1,219]
  - 1 in [1,225]
  - 1 in [1,234]
  - 1 in [1,246]
  - 1 in [1,249]
  - 1 in [1,264]
  - 2 in [1,277]
  - 1 in [9,167]
  - 1 in [15,189]
#kAtMostOne: 22 (#literals: 88)
#kBoolAnd: 28 (#enforced: 28) (#literals: 56)
#kBoolAndClauses: 2 (#enforced: 2 #multi: 2) (#literals: 8)
#kBoolOr: 1'151 (#literals: 3'453)
#kExactlyOne: 233 (#literals: 969)
#kLinMax: 35 (#expressions: 70)
#kLinear2: 432
#kLinearN: 318 (#terms: 2'917)
[Symmetry] Graph for symmetry has 5'939 nodes and 12'197 arcs.
[Symmetry] Symmetry computation done. time: 0.00139775 dtime: 0.00202804
[Symmetry] #generators: 135, average support size: 2
[Symmetry] 135 orbits on 270 variables with sizes: 2,2,2,2,2,2,2,2,2,2,...
[Symmetry] Found orbitope of size 1 x 2

Preloading model.
#Bound   0.21s best:inf   next:[-304600,4779600] initial_domain
The solution hint is incomplete: 414 out of 1195 non fixed variables hinted.
#Model   0.21s var:1195/1195 constraints:2221/2221

Starting search at 0.21s with 2 workers.
1 full problem subsolver: [default_lp]
1 first solution subsolver: [fj]
9 interleaved subsolvers: [feasibility_pump, graph_arc_lns, graph_cst_lns, graph_dec_lns, graph_var_lns, ls, rins/rens, rnd_cst_lns, rnd_var_lns]
3 helper subsolvers: [neighborhood_helper, synchronization_agent, update_gap_integral]

#1       0.22s best:338800 next:[-304600,338600] fj_restart(batch:1 lin{mvs:1'017 evals:3'444} gen{mvs:12 evals:180} #w_updates:178 #perturb:0)
#2       0.23s best:290800 next:[-304600,290600] rnd_var_lns (d=5.00e-01 s=3 t=0.10 p=0.00 stall=0 h=base) [hint]
#Bound   0.23s best:290800 next:[35400,290600] default_lp (initial_propagation)
#Bound   0.24s best:290800 next:[58400,290600] default_lp
#3       0.25s best:277800 next:[58400,277600] rnd_cst_lns (d=5.00e-01 s=4 t=0.10 p=0.00 stall=0 h=base) [hint]
#4       0.27s best:270400 next:[58400,270200] graph_var_lns (d=5.00e-01 s=5 t=0.10 p=0.00 stall=0 h=base)
#5       0.29s best:266400 next:[58400,266200] graph_arc_lns (d=5.00e-01 s=6 t=0.10 p=0.00 stall=0 h=base)
#Bound   0.29s best:266400 next:[95000,266200] default_lp
#6       0.29s best:263400 next:[95000,263200] graph_cst_lns (d=5.00e-01 s=7 t=0.10 p=0.00 stall=0 h=base) [hint]
#7       0.30s best:254400 next:[95000,254200] graph_dec_lns (d=5.00e-01 s=8 t=0.10 p=0.00 stall=0 h=base) [hint]
#8       0.30s best:245400 next:[95000,245200] ls_restart_decay(batch:1 lin{mvs:9 evals:308} #w_updates:0 #perturb:0)
#Bound   0.37s best:245400 next:[107400,245200] default_lp
#Bound   0.41s best:245400 next:[111800,245200] default_lp
#Bound   0.41s best:245400 next:[112200,245200] default_lp
#Bound   0.54s best:245400 next:[112600,245200] default_lp
#Bound   0.68s best:245400 next:[112800,245200] default_lp
#9       0.75s best:232400 next:[112800,232200] graph_arc_lns (d=7.07e-01 s=13 t=0.10 p=1.00 stall=0 h=base)
#10      0.81s best:230800 next:[112800,230600] graph_cst_lns (d=7.07e-01 s=14 t=0.10 p=1.00 stall=0 h=base)
#Bound   1.09s best:230800 next:[113000,230600] default_lp
#11      1.27s best:215200 next:[113000,215000] rins_pump_lns (d=7.07e-01 s=18 t=0.10 p=1.00 stall=1 h=base)
#12      1.27s best:214600 next:[113000,214400] ls_restart_decay(batch:1 lin{mvs:78 evals:1'297} gen{mvs:1 evals:12} #w_updates:35 #perturb:0)
#13      1.59s best:199200 next:[113000,199000] rnd_var_lns (d=8.14e-01 s=20 t=0.10 p=1.00 stall=1 h=base)
#14      2.36s best:198200 next:[113000,198000] graph_arc_lns (d=8.14e-01 s=22 t=0.10 p=1.00 stall=0 h=base)
#15      2.69s best:197200 next:[113000,197000] graph_cst_lns (d=8.14e-01 s=23 t=0.10 p=1.00 stall=0 h=base)
#16      2.92s best:196800 next:[113000,196600] graph_dec_lns (d=8.14e-01 s=24 t=0.10 p=1.00 stall=1 h=base)
#17      3.00s best:192800 next:[113000,192600] ls_restart_decay_perturb(batch:1 lin{mvs:6 evals:244} #w_updates:0 #perturb:0)
#Bound   3.46s best:192800 next:[113200,192600] default_lp
#18      4.40s best:191200 next:[113200,191000] ls_restart_decay_compound_perturb(batch:1 lin{mvs:0 evals:57'545} gen{mvs:3'902 evals:12'926} comp{mvs:98 btracks:1'902} #w_updates:21 #perturb:0)
#Bound   6.27s best:191200 next:[113400,191000] default_lp
#Bound   6.48s best:191200 next:[113600,191000] default_lp
#19      7.66s best:190200 next:[113600,190000] graph_dec_lns (d=8.21e-01 s=57 t=0.10 p=0.75 stall=1 h=base)
#20      8.04s best:187200 next:[113600,187000] ls_restart_compound(batch:1 lin{mvs:0 evals:155} gen{mvs:3 evals:1} comp{mvs:3 btracks:0} #w_updates:0 #perturb:0)
#21      8.33s best:186200 next:[113600,186000] rnd_var_lns (d=8.12e-01 s=61 t=0.10 p=0.67 stall=3 h=base) [hint]
#22      9.75s best:183200 next:[113600,183000] graph_cst_lns (d=8.12e-01 s=71 t=0.10 p=0.67 stall=3 h=base)
#23      9.82s best:182200 next:[113600,182000] rnd_cst_lns (d=7.29e-01 s=72 t=0.10 p=0.60 stall=4 h=base) [hint]
#24     11.77s best:181200 next:[113600,181000] graph_dec_lns (d=8.65e-01 s=83 t=0.10 p=0.71 stall=2 h=base)
#Bound  22.54s best:181200 next:[113800,181000] default_lp
#Bound  36.20s best:181200 next:[114600,181000] default_lp
#25     60.35s best:180800 next:[114600,180600] graph_var_lns (d=6.44e-01 s=402 t=0.10 p=0.50 stall=41 h=base)

Task timing                   n [     min,      max]      avg      dev     time         n [     min,      max]      avg      dev    dtime
        'default_lp':         1 [   1.50m,    1.50m]    1.50m   0.00ns    1.50m         2 [   1.02s,    1.25m]   37.94s   36.92s    1.26m
  'feasibility_pump':       104 [ 53.64us, 109.84ms]  72.13ms  16.02ms    7.50s       101 [ 16.50ms, 101.61ms]  55.35ms   9.41ms    5.59s
                'fj':         1 [  4.09ms,   4.09ms]   4.09ms   0.00ns   4.09ms         1 [  2.43ms,   2.43ms]   2.43ms   0.00ns   2.43ms
     'graph_arc_lns':        58 [ 17.43ms, 370.47ms] 179.36ms 117.78ms   10.40s        58 [ 14.34us, 102.10ms]  56.42ms  45.95ms    3.27s
     'graph_cst_lns':        50 [  6.93ms, 471.90ms] 207.02ms 109.31ms   10.35s        50 [ 10.00ns, 100.19ms]  57.25ms  44.37ms    2.86s
     'graph_dec_lns':        52 [  8.34ms, 457.84ms] 204.07ms 134.94ms   10.61s        52 [ 10.00ns, 100.11ms]  57.57ms  45.45ms    2.99s
     'graph_var_lns':        65 [ 14.77ms, 368.02ms] 159.25ms 103.27ms   10.35s        65 [ 14.01us, 100.15ms]  59.10ms  43.87ms    3.84s
                'ls':       104 [355.11us,  98.78ms]  86.14ms  18.13ms    8.96s       104 [ 62.59us, 100.03ms]  95.73ms  19.63ms    9.96s
         'rins/rens':        78 [106.86us, 320.08ms] 133.73ms 117.23ms   10.43s        61 [ 10.00ns, 102.04ms]  61.50ms  42.38ms    3.75s
       'rnd_cst_lns':        40 [ 20.17ms, 457.17ms] 262.30ms 137.88ms   10.49s        40 [ 10.00ns, 100.13ms]  55.43ms  47.23ms    2.22s
       'rnd_var_lns':        57 [  7.13ms, 398.68ms] 184.92ms 123.55ms   10.54s        57 [ 88.00ns, 100.11ms]  55.57ms  44.69ms    3.17s

Search stats     Bools  Conflicts  Branches  Restarts  BacktrackToRoot  Backtrack  BoolPropag  IntegerPropag
  'default_lp':  1'072     29'940   629'081        77          247'635    399'380   6'348'166     17'751'795

SAT formula      Fixed  Equiv  Total  VarLeft  BinaryClauses  PermanentClauses  TemporaryClauses
  'default_lp':      0      0  1'072    1'072          1'078             1'499            16'713

SAT stats        ClassicMinim  LitRemoved  LitRemovedBinary  LitLearned  LitForgotten  Subsumed
  'default_lp':        29'525     595'051           623'776   2'896'282     1'219'513     1'011

Vivification     Clauses  Decisions  LitTrue  Subsumed  LitRemoved  DecisionReused  Conflicts
  'default_lp':  212'560    381'585        0         3          12          84'647          0

Clause deletion    at_true  l_and_not(l)  to_binary  sub_conflict  sub_extra  sub_decisions  sub_eager  sub_vivify  sub_probing  sub_inpro  blocked  eliminated  forgotten  promoted  conflicts
    'default_lp':        0             0          0           863         11              0        148           3            0          0        0           0     12'091    59'707     29'940

Lp stats         Component  Iterations  AddedCuts  OPTIMAL  DUAL_F.  DUAL_U.
  'default_lp':          1   1'229'447      4'379   65'722       84       25

Lp dimension      Final dimension of first component
  'default_lp':  491 rows, 722 columns, 4137 entries

Lp debug         CutPropag  CutEqPropag  Adjust  Overflow      Bad  BadScaling
  'default_lp':          2           48  65'819         0  152'222           0

Lp pool          Constraints  Updates  Simplif  Merged  Shortened  Split  Strengthened     Cuts/Call
  'default_lp':        5'438      610      958      16          0    878           286  4'379/14'806

Lp Cut           default_lp
         CG_FF:         113
          CG_K:          79
         CG_KL:           5
          CG_R:         180
         CG_RB:          92
        CG_RBP:          12
            IB:         551
      MIR_1_FF:         306
       MIR_1_K:          52
       MIR_1_R:         180
      MIR_1_RB:         172
     MIR_1_RBP:           2
      MIR_2_FF:         278
       MIR_2_K:          83
      MIR_2_KL:           5
       MIR_2_R:         279
      MIR_2_RB:         263
     MIR_2_RBP:          19
      MIR_3_FF:         153
       MIR_3_K:          29
      MIR_3_KL:           6
       MIR_3_R:         162
      MIR_3_RB:         130
     MIR_3_RBP:           3
      MIR_4_FF:         125
       MIR_4_K:          24
      MIR_4_KL:           2
       MIR_4_R:          72
      MIR_4_RB:          70
      MIR_5_FF:          63
       MIR_5_K:          13
       MIR_5_R:          35
      MIR_5_RB:          40
     MIR_5_RBP:           1
      MIR_6_FF:          26
       MIR_6_K:           8
       MIR_6_R:          17
      MIR_6_RB:          31
     MIR_6_RBP:           1
  ZERO_HALF_FF:         161
   ZERO_HALF_K:          25
  ZERO_HALF_KL:          10
   ZERO_HALF_R:         472
  ZERO_HALF_RB:          29

LNS stats           Improv/Calls  Closed  Difficulty  TimeLimit
  'graph_arc_lns':          4/58     50%    6.99e-01       0.10
  'graph_cst_lns':          6/50     52%    8.08e-01       0.10
  'graph_dec_lns':          4/52     52%    8.21e-01       0.10
  'graph_var_lns':          2/65     51%    6.96e-01       0.10
      'rins/rens':          2/61     49%    6.16e-01       0.10
    'rnd_cst_lns':          3/40     50%    7.23e-01       0.10
    'rnd_var_lns':          3/57     53%    8.41e-01       0.10

LS stats                                Batches  Restarts/Perturbs  LinMoves  GenMoves  CompoundMoves  Bactracks  WeightUpdates  ScoreComputed
                         'fj_restart':        1                  1     1'017        12              0          0            178          5'540
                         'ls_restart':       12                  7   258'959         0              0          0         91'539      2'654'042
                'ls_restart_compound':       12                 10         0    86'295          3'131     41'546            354      2'890'032
        'ls_restart_compound_perturb':        8                  7         0    63'215          2'818     30'180            217      2'126'568
                   'ls_restart_decay':       13                 11   141'618         1              0          0          4'211      2'027'512
          'ls_restart_decay_compound':       19                 10         0   149'505         17'300     66'020            296      4'184'470
  'ls_restart_decay_compound_perturb':        9                  9         0    66'586          4'838     30'846            230      2'060'360
           'ls_restart_decay_perturb':       15                 13   176'675         0              0          0          5'240      2'575'431
                 'ls_restart_perturb':       16                 10   325'988         0              0          0        113'304      3'568'556

Solutions (25)                          Num     Rank
                         'fj_restart':    2    [0,1]
                      'graph_arc_lns':    6   [4,14]
                      'graph_cst_lns':    8   [5,22]
                      'graph_dec_lns':    8   [6,24]
                      'graph_var_lns':    4   [3,25]
                'ls_restart_compound':    2  [19,20]
                   'ls_restart_decay':    4   [7,12]
  'ls_restart_decay_compound_perturb':    2  [17,18]
           'ls_restart_decay_perturb':    2  [16,17]
                      'rins_pump_lns':    2  [10,11]
                        'rnd_cst_lns':    4   [2,23]
                        'rnd_var_lns':    6   [1,21]

Objective bounds     Num
      'default_lp':   14
  'initial_domain':    1

Solution repositories    Added  Queried  Synchro
    'alternative_path':     36      130       36
      'best_solutions':    206      408      148
   'fj solution hints':      0        0        0
        'lp solutions':      0        0        0
                'pump':  2'083       78

Improving bounds shared    Num  Sym
            'default_lp':  246    0

Clauses shared    #Exported  #Imported  #BinaryRead  #BinaryTotal
   'default_lp':        109          0            0             0

LRAT_status: NA
CpSolverResponse summary:
status: FEASIBLE
objective: 180800
best_bound: 114600
integers: 1266
booleans: 1072
conflicts: 29940
branches: 629081
propagations: 6348166
integer_propagations: 17751795
restarts: 77
lp_iterations: 1229447
walltime: 90.0042
usertime: 90.0042
deterministic_time: 113.547
gap_integral: 1261.44
solution_fingerprint: 0xd09a99a68a6bd0da

